------------------------------------------------------------------------------------------------------------------------------------------
      name:  <unnamed>
       log:  \\Client\C$\Users\maris\Dropbox\Grad\582 - Metrics I\ECON-582---Krueger-Replication\Analysis/Log-Tables123_Figure1.txt
  log type:  text
 opened on:  23 Nov 2019, 16:12:56

. 
. use "./Output/CleanData.dta"

. 
. 
. ********************************************************************************
. * II. Tables and Figures
. ********************************************************************************
. 
. 
. ********************************************************************************
. * II.a Table 1
. ********************************************************************************
. 
. forvalues i == 0/2 {
  2.         local g`i'list = "g`i'freelunch_2 WhiteAsian age g`i'attrition g`i'classsize g`i'SAT"
  3. }

. local g3list = "g3freelunch_2 WhiteAsian age g3classsize g3SAT"

.         
.         
. forvalues i == 0/3 {
  2.    qui tabstat g`i'freelunch_2 WhiteAsian age g`i'attrition g`i'classsize g`i'SAT if gradeenter == `i', by(g`i'classtype) stat(mean) 
> nototal save
  3.    qui tabstatmat g`i'means
  4.    
.    forvalues r == 1/3{
  5.           matrix g`i'means[`r',1] = round(g`i'means[`r',1], 0.001)
  6.          
.          forvalues c == 1/6{
  7.             matrix g`i'means[`r',`c'] = round(g`i'means[`r',`c'], 0.001)
  8.             }
  9.          }
 10.  
.    matrix rownames g`i'means = Small Regular Regular/Aide
 11.    matrix rownames g`i'means = _:
 12.    matrix colnames g`i'means = "FreeLunch" "White/Asian" "Agein1985" "Attrition" "Class-Size" "Percentile"
 13.    matrix list g`i'means
 14.    outtable using "./Output/Table 1/Table1_`i'.tex", replace mat(g`i'means) nobox 
 15.         
.           foreach var of local g`i'list { 
 16.         qui mvtest means `var' if gradeenter == `i', by(g`i'classtype)  
 17.                 }
 18. }

g0means[3,6]
                FreeLunch  White/Asian    Agein1985    Attrition   Class-Size   Percentile
       Small         .471         .683        5.442         .487       15.117       54.714
     Regular         .477         .675        5.426         .518       22.383       49.935
Regular/Aide         .503         .659        5.432         .529       22.774       49.999
(note: file ./Output/Table 1/Table1_0.tex.tex not found)

g1means[3,6]
                FreeLunch  White/Asian    Agein1985    Attrition   Class-Size   Percentile
       Small         .592         .622        5.778         .527        15.87       49.409
     Regular         .624         .562        5.858         .513        22.71       42.907
Regular/Aide         .607         .651        5.876         .468       23.457       47.995
(note: file ./Output/Table 1/Table1_1.tex.tex not found)

g2means[3,6]
                FreeLunch  White/Asian    Agein1985    Attrition   Class-Size   Percentile
       Small         .655         .574        5.881         .369         15.5       46.576
     Regular         .633         .567        5.908         .336       23.714       45.471
Regular/Aide         .659         .465        5.939         .349       23.592       41.733
(note: file ./Output/Table 1/Table1_2.tex.tex not found)

g3means[3,6]
                FreeLunch  White/Asian    Agein1985    Attrition   Class-Size   Percentile
       Small         .598         .668        5.952            0       15.971       47.874
     Regular         .645         .577        5.929            0       24.051       44.524
Regular/Aide         .686         .558        5.986            0       24.425       41.564
(note: file ./Output/Table 1/Table1_3.tex.tex not found)

. 
. matrix T1pval=(0.088, 0.518, 0.605, 0.038 \ 0.251, 0.000, 0.000, 0.003 \ 0.335, 0.033, 0.405, 0.498 \ 0.024, 0.069, 0.580, 0.000 \ 0.000
> , 0.000, 0.000, 0.000 \ 0.000, 0.000, 0.010, 0.006)  

. matrix rownames T1pval = "FreeLunch" "White/Asian" "Agein1985" "Attrition" "Class-Size" "Percentile"

. matrix colnames T1pval = "K" "1" "2" "3"

. matrix list T1pval

T1pval[6,4]
                K     1     2     3
  FreeLunch  .088  .518  .605  .038
White/Asian  .251     0     0  .003
  Agein1985  .335  .033  .405  .498
  Attrition  .024  .069   .58     0
 Class-Size     0     0     0     0
 Percentile     0     0   .01  .006

. outtable using "./Output/Table 1/Table1pval.tex", replace mat(T1pval) nobox 
(note: file ./Output/Table 1/Table1pval.tex.tex not found)

.         
.         
. ********************************************************************************
. * II.b Table 2
. ********************************************************************************
. 
. forvalues i == 0/3 {
  2.         
.         foreach var of local g`i'list { 
  3.                 qui areg `var' g`i's g`i'ra if gradeenter==`i', absorb(g`i'schid) 
  4.                 }
  5. }

. 
. matrix T2pval=(0.446, 0.292, 0.579, 0.184 \ 0.647, 0.276, 0.710, 0.369 \ 0.438, 0.120, 0.435, 0.477 \ 0.012, 0.370, 0.848, 0.000 \ 0.000
> , 0.000, 0.000, 0.000 \ 0.000, 0.000, 0.449, 0.004)  

. matrix rownames T2pval = "FreeLunch" "White/Asian" "Agein1985" "Attrition" "Class-Size" "Percentile"

. matrix colnames T2pval = "K" "1" "2" "3"

. matrix list T2pval

T2pval[6,4]
                K     1     2     3
  FreeLunch  .446  .292  .579  .184
White/Asian  .647  .276   .71  .369
  Agein1985  .438   .12  .435  .477
  Attrition  .012   .37  .848     0
 Class-Size     0     0     0     0
 Percentile     0     0  .449  .004

. outtable using "./Output/Table 2/Table2pval.tex", replace mat(T2pval) nobox 
(note: file ./Output/Table 2/Table2pval.tex.tex not found)

. 
.  
.  
. ********************************************************************************
. * II.c Table 3
. ********************************************************************************
. 
. qui tab g1classsize g1classtype, matcell(t3)

. matrix colnames t3 = "Small" "Regular" "Regular/Aide"

. matrix rownames t3 = "12" "13" "14" "15" "16" "17" "18" "19" "20" "21" "22" "23" "24" "25" "26" "27" "28" "29" "30" 

. matrix list t3

t3[19,3]
           Small       Regular  Regular/Aide
12            24             0             0
13           182             0             0
14           252             0             0
15           465             0             0
16           256            16             0
17           561            17             0
18           108            36             0
19            57            76            57
20            20           200           120
21             0           378           378
22             0           594           330
23             0           437           460
24             0           384           264
25             0           175           225
26             0           130           234
27             0            54           108
28             0            28            56
29             0            29            58
30             0            30            30

. 
. outtable using "./Output/Table 3/Table3.tex", replace mat(t3) nobox 
(note: file ./Output/Table 3/Table3.tex.tex not found)

. 
. 
. qui tabstat g1classsize, by(g1classtype) stat(mean) nototal save

. qui tabstatmat t3mean

. forvalues r == 1/3{
  2.           matrix t3mean[`r',1] = round(t3mean[`r',1], 0.001)
  3.           
. }

. matrix rownames t3mean = Small Regular Regular/Aide

. matrix rownames t3mean = _:

. matrix colnames t3mean = "Average Class Size"

. matrix list t3mean

t3mean[3,1]
              Average Cl~e
       Small        15.697
     Regular        22.697
Regular/Aide        23.436

. 
. outtable using "./Output/Table 3/Table3m.tex", replace mat(t3mean) nobox 
(note: file ./Output/Table 3/Table3m.tex.tex not found)

. 
. 
. 
. ********************************************************************************
. *II.d Figure 1 
. ********************************************************************************
. 
. forvalues n=0/3 {
  2.         twoway kdensity g`n'SAT if (g`n'classtype==1)|| kdensity g`n'SAT if (g`n'classtype==2 | g`n'classtype==3), title("Average SAT
>  Distributions for Grade `n'") ytitle("Density") xtitle("SAT Percentile") legend(label(1 "Small Class") label(2 "Regular Class")) lpatte
> rn("solid" "dash") scheme(s1color)
  3.         
.         graph export "./Output/Figure 1/figure1_`n'.png", replace
  4. }
(note: file ./Output/Figure 1/figure1_0.png not found)
(file ./Output/Figure 1/figure1_0.png written in PNG format)
(note: file ./Output/Figure 1/figure1_1.png not found)
(file ./Output/Figure 1/figure1_1.png written in PNG format)
(note: file ./Output/Figure 1/figure1_2.png not found)
(file ./Output/Figure 1/figure1_2.png written in PNG format)
(note: file ./Output/Figure 1/figure1_3.png not found)
(file ./Output/Figure 1/figure1_3.png written in PNG format)

. 
. 
end of do-file

. do "C:\Users\mreuther\AppData\Local\Temp\4\STD1968_000000.tmp"

. clear all

. capture log close 
